<?xml version="1.0" encoding="UTF-8"?>
<testsuites name="jest tests" tests="4" failures="0" errors="0" time="20.9">
  <testsuite name="Book flight" errors="0" failures="0" skipped="0" timestamp="2024-03-19T21:52:16" time="20.809" tests="4">
    <testcase classname="Book flight Should go to login page" name="Book flight Should go to login page" time="7.862">
    </testcase>
    <testcase classname="Book flight Should fill out inputs" name="Book flight Should fill out inputs" time="4.718">
    </testcase>
    <testcase classname="Book flight Should be into dashboard" name="Book flight Should be into dashboard" time="3.753">
    </testcase>
    <testcase classname="Book flight Should go to flight page" name="Book flight Should go to flight page" time="4.115">
    </testcase>
  </testsuite>
</testsuites>